
> my-v0-project@0.2.1 build:electron
> next build && electron-builder

npm : [baseline-browser-mapping] The data in this module is over two
 months old.  To ensure accurate Baseline data, please update: `npm 
i baseline-browser-mapping@latest -D`
発生場所 行:1 文字:1
+ npm run build:electron 2>&1 | Out-File build_error_2.log -Encoding
 ut ...
+ ~~~~~~~~~~~~~~~~~~~~~~~~~~~
    + CategoryInfo          : NotSpecified: ([baseline-brows...ping 
   @latest -D`:String) [], RemoteException
    + FullyQualifiedErrorId : NativeCommandError
 
   笆ｲ Next.js 16.0.10 (Turbopack)
   - Environments: .env.local

   Creating an optimized production build ...
[baseline-browser-mapping] The data in this module is over two month
s old.  To ensure accurate Baseline data, please update: `npm i base
line-browser-mapping@latest -D`
 笨・Compiled successfully in 3.2s
   Skipping validation of types
   Collecting page data using 15 workers ...
[baseline-browser-mapping] The data in this module is over two month
s old.  To ensure accurate Baseline data, please update: `npm i base
line-browser-mapping@latest -D`
[baseline-browser-mapping] The data in this module is over two month
s old.  To ensure accurate Baseline data, please update: `npm i base
line-browser-mapping@latest -D`
[baseline-browser-mapping] The data in this module is over two month
s old.  To ensure accurate Baseline data, please update: `npm i base
line-browser-mapping@latest -D`
   Generating static pages using 15 workers (0/3) ...
[baseline-browser-mapping] The data in this module is over two month
s old.  To ensure accurate Baseline data, please update: `npm i base
line-browser-mapping@latest -D`
 笨・Generating static pages using 15 workers (3/3) in 522.6ms
   Finalizing page optimization ...

Route (app)
笏・笳・/
笏・笳・/_not-found


笳・ (Static)  prerendered as static content

  窶｢ electron-builder  version=26.7.0 os=10.0.26100
  窶｢ loaded configuration  file=package.json ("build" field)
  窶｢ description is missed in the package.json  appPackageFile=D:\Dev\繝昴Δ繝峨・繝ｭ\package.json
  窶｢ author is missed in the package.json  appPackageFile=D:\Dev\繝昴Δ繝峨・繝ｭ\package.json
  窶｢ packageManager not detected by file, falling back to environment detection  resolvedPackageManager=npm detected=D:\Dev\繝昴Δ繝峨・繝ｭ
  窶｢ executing @electron/rebuild  electronVersion=40.4.1 arch=x64 buildFromSource=false workspaceRoot=D:\Dev\繝昴Δ繝峨・繝ｭ projectDir=./ appDir=./
  窶｢ installing native dependencies  arch=x64
  窶｢ completed installing native dependencies
  窶｢ packaging       platform=win32 arch=x64 electron=40.4.1 appOutDir=dist\win-unpacked
  筧ｯ remove D:\Dev\繝昴Δ繝峨・繝ｭ\dist\win-unpacked\d3dcompiler_47.dll: Access is denied.
github.com/develar/go-fs-util.EnsureEmptyDir
	/Users/runner/go/pkg/mod/github.com/develar/go-fs-util@v0.0.0-20190620175131-69a2d4542206/fs.go:98
github.com/develar/app-builder/pkg/electron.UnpackElectron.func1.1
	/Users/runner/work/app-builder/app-builder/pkg/electron/electronUnpack.go:38
github.com/develar/app-builder/pkg/util.MapAsyncConcurrency.func2
	/Users/runner/work/app-builder/app-builder/pkg/util/async.go:68
runtime.goexit
	/Users/runner/hostedtoolcache/go/1.21.13/arm64/src/runtime/asm_amd64.s:1650  
  筧ｯ D:\Dev\繝昴Δ繝峨・繝ｭ\node_modules\app-builder-bin\win\x64\app-builder.exe process failed ERR_ELECTRON_BUILDER_CANNOT_EXECUTE
Exit code:
1  failedTask=build stackTrace=Error: D:\Dev\繝昴Δ繝峨・繝ｭ\node_modules\app-builder-bin\win\x64\app-builder.exe process failed ERR_ELECTRON_BUILDER_CANNOT_EXECUTE
Exit code:
1
    at ChildProcess.<anonymous> (D:\Dev\繝昴Δ繝峨・繝ｭ\node_modules\builder-util\src\util.ts:272:14)
    at Object.onceWrapper (node:events:634:26)
    at ChildProcess.emit (node:events:519:28)
    at ChildProcess.cp.emit (D:\Dev\繝昴Δ繝峨・繝ｭ\node_modules\cross-spawn\lib\enoent.js:34:29)
    at maybeClose (node:internal/child_process:1105:16)
    at Process.ChildProcess._handle.onexit (node:internal/child_process:305:5)
